exports[`Frontend.Resource.Detail component renders correctly 1`] = `
<div>
  <section>
    <section
      className="resource-detail">
      <div
        className="container flush-top flush-bottom">
        <div
          className="resource-title">
          <div>
            <h1
              dangerouslySetInnerHTML={
                Object {
                  "__html": "Image",
                }
              } />
            <span
              className="resource-date">
              Resource added 
              <span>
                April, 2017
              </span>
            </span>
          </div>
        </div>
      </div>
      <section
        className="resource-hero-container">
        <div
          className="resource-hero">
          <div
            className="resource-slide-figure">
            <figure>
              <div
                className="figure-image"
                style={
                  Object {
                    "backgroundImage": "url(null)",
                  }
                } />
            </figure>
          </div>
        </div>
      </section>
      <div
        className="container flush-top">
        <aside>
          <a
            className="button-primary"
            onClick={[Function]}
            style={Object {}}
            target="_blank">
            Download 
            <i
              className="manicon manicon-arrow-down" />
          </a>
          <nav
            className="share-nav-primary">
            <span>
              Share
            </span>
            <ul>
              <li>
                <button
                  onClick={[Function]}
                  target="_blank">
                  <i
                    className="manicon manicon-twitter" />
                </button>
              </li>
            </ul>
          </nav>
          <section
            className="resource-meta">
            <figure
              className="resource-type">
              <i
                className="manicon manicon-resource-image" />
            </figure>
            <ul
              className="meta-list-secondary">
              <li>
                <span
                  className="meta-label">
                  Type
                </span>
                <span
                  className="meta-value">
                  Image
                </span>
              </li>
              <li>
                <span
                  className="meta-label">
                  Created On
                </span>
                <span
                  className="meta-value">
                  <span>
                    April 24, 2017
                  </span>
                </span>
              </li>
            </ul>
            <nav
              className="tag-list">
              <ul>
                <li>
                  <a
                    onClick={[Function]}
                    style={Object {}}>
                    dog
                  </a>
                </li>
                <li>
                  <a
                    onClick={[Function]}
                    style={Object {}}>
                    puppy
                  </a>
                </li>
                <li>
                  <a
                    onClick={[Function]}
                    style={Object {}}>
                    GOAT
                  </a>
                </li>
              </ul>
            </nav>
          </section>
        </aside>
        <div
          className="resource-content left">
          <div
            dangerouslySetInnerHTML={
              Object {
                "__html": "World\'s Greatest Dog",
              }
            } />
          <h3
            className="attribute-header">
            Full Description
          </h3>
          <div
            dangerouslySetInnerHTML={
              Object {
                "__html": "Black and white freckles",
              }
            } />
        </div>
        <div
          className="resource-meta-mobile">
          <section
            className="resource-meta">
            <figure
              className="resource-type">
              <i
                className="manicon manicon-resource-image" />
            </figure>
            <ul
              className="meta-list-primary">
              <li>
                <span
                  className="meta-label">
                  Type
                </span>
                <span
                  className="meta-value">
                  Image
                </span>
              </li>
              <li>
                <span
                  className="meta-label">
                  Created On
                </span>
                <span
                  className="meta-value">
                  <span>
                    April 24, 2017
                  </span>
                </span>
              </li>
            </ul>
            <nav
              className="tag-list">
              <ul>
                <li>
                  <a
                    onClick={[Function]}
                    style={Object {}}>
                    dog
                  </a>
                </li>
                <li>
                  <a
                    onClick={[Function]}
                    style={Object {}}>
                    puppy
                  </a>
                </li>
                <li>
                  <a
                    onClick={[Function]}
                    style={Object {}}>
                    GOAT
                  </a>
                </li>
              </ul>
            </nav>
          </section>
        </div>
      </div>
    </section>
  </section>
</div>
`;
