exports[`Global.Date component renders correctly 1`] = `
<span>
  test January, 2017
</span>
`;
