exports[`Global.LoadingBar component renders correctly 1`] = `
<div>
  <div
    className="loading-bar default">
    <div
      className="progress" />
  </div>
</div>
`;
