exports[`GlobalPressLogo component renders correctly 1`] = `
<figure
  className="logo-square">
  <div
    className="image"
    style={
      Object {
        "backgroundImage": "url(some/url)",
      }
    } />
</figure>
`;
