exports[`GlobalUIPanel component renders correctly 1`] = `
<div
  className="panel-visible">
  <div>
    Render me
  </div>
</div>
`;
