exports[`Frontend.Event.AllLink Component renders correctly 1`] = `
<div
  className="section-heading-utility-right">
  <a
    className="button-primary"
    onClick={[Function]}
    style={Object {}}>
    See all Activity
  </a>
</div>
`;
