exports[`GlobalFormEntityCount component renders correctly 1`] = `
<p
  className="list-total">
  Showing 
  <span>
    1-5
  </span>
   of 
  <span>
    10
  </span>
   entities: 
</p>
`;
