exports[`GlobalHelperSimpleFormat component renders correctly 1`] = `
<div>
  <p>
    <span>
      Basketball is my favorite sport. I like the way they dribble up and down the court.
    </span>
  </p>
</div>
`;
